[11:48] A egitimi bitti
[11:50] A olculdu
[11:50] B veri seti hazir
[13:03] B egitimi bitti
[13:05] B olculdu -- HEPSI BITTI
[14:12] Deney1 basladi: B uzatma (aux_repeat=1, +4000 adim)
[15:29] Deney1 egitimi bitti
[15:32] Deney1 olculdu
[15:32] aux4 veri seti hazir
[15:32] Deney2 basladi: yardimci gorev agirligi %20 -> %50
[16:46] Deney2 egitimi bitti
[16:49] Deney2 olculdu -- HEPSI BITTI
[11:23] B uzatma bitti (kumulatif 16000)
[11:26] kumulatif 12000+16000 olculdu
[11:26] politika sunucusu hazir, kapali dongu basliyor
[11:29] kapali dongu bitti -- HAZIR
[12:17] tam bolum + yardimci gorev veri seti hazir
[13:41] tam bolum egitimi bitti
[13:44] tam bolum modeli olculdu
[13:47] kapali dongu bitti -- TAM BOLUM SONUCU HAZIR
[15:26] karma veri seti hazir
[16:50] karma egitim bitti
[16:53] karma model olculdu
[16:56] KARMA SONUC HAZIR (olcum + kapali dongu)
[10:00] canli gozlem toplama basladi
[10:04] canli gozlemler kaydedildi
[10:06] UCURUM OLCULDU
[10:20] 45 canli gozlem kaydedildi
[10:25] UCURUM n=45 K=16 ile OLCULDU
[13:25] karma uzatma bitti (kumulatif 18000)
[13:31] lokalizasyon olculdu (temiz kare)
[13:35] kapali dongu bitti: tek (n_samples=1)
[13:42] kapali dongu bitti: ort8 (n_samples=8)
[13:42] A/B SONUCU HAZIR
[14:56] nesne-merkezli veri seti hazir
[16:22] nesne-merkezli egitim bitti
[16:26] nesne-merkezli model olculdu
[16:33] NESNE-MERKEZLI SONUC HAZIR
[10:04] canli gozlemler kaydedildi (objc)
[10:09] UCURUM TEMIZ KAREYLE OLCULDU
[10:33] num_envs=8 canli gozlemler kaydedildi
[10:38] NUM_ENVS=8 UCURUM OLCULDU
[11:00] num_envs=8 + warmup=8 gozlemler kaydedildi
[11:05] WARMUP=8 UCURUM OLCULDU
[12:21] parti 77 toplandi: 2661992071 bayt
[12:27] parti 78 toplandi: 2665660717 bayt
[12:27] birlestirildi
[12:27] TOPLAMA TAMAM ve dogrulandi
[13:15] objc2 (skip_first=2) veri seti hazir
[15:07] objc2 egitimi bitti
[15:10] objc2 olculdu
[15:20] OBJC2 SONUC HAZIR
[10:19] adim-2 canli gozlemler kaydedildi
[10:24] ADIM-2 UCURUM OLCULDU
[10:38] parti 101 toplandi
[10:43] parti 102 toplandi
[10:43] birlestirildi
[11:09] cevrildi
[12:35] egitim bitti
[12:39] olculdu
[12:49] GEO SONUC HAZIR
[13:15] geo2 cevrildi (only_success)
[14:44] geo2 egitimi bitti
[14:47] geo2 olculdu
[14:57] GEO2 SONUC HAZIR
[17:11] geo3 egitimi bitti (kumulatif 12000)
[17:13] GEO3 OLCULDU
[17:25] GEO3 KAPALI DONGU HAZIR
[09:46] algi olcumu bitti: geo3algi
[09:46] ALGI OLCUMU HAZIR
[12:16] DART parti 301 toplandi
[12:21] DART parti 302 toplandi
[12:21] birlestirildi
[12:44] cevrildi
[14:09] DART egitimi bitti
[14:10] olculdu
[14:21] DART SONUC HAZIR
[14:40] dart2 cevrildi
[16:04] dart2 egitimi bitti
[16:06] dart2 olculdu
[16:16] DART2 SONUC HAZIR
[16:19] temiz+gurultulu birlestirildi
[16:19] cevrildi
[16:19] ISTATISTIK DOGRULAMASI BASARISIZ -- durduruldu
[09:25] temiz+gurultulu birlestirildi
[09:25] cevrildi
[09:25] ISTATISTIK DOGRULAMASI BASARISIZ -- durduruldu
[10:19] cevrildi
[10:19] istatistik dogrulamasi gecti
[11:15] karisim egitimi bitti
[11:17] KARISIM OLCULDU
[12:28] REST CEVIRME PATLADI
[13:27] rest egitimi bitti
[13:30] REST OLCULDU
[14:25] algi olcumu bitti: restalgi
[14:25] REST ALGI OLCUMU HAZIR
[14:38] algi olcumu bitti: geo3kayma
[14:38] KAYMA OLCUMU HAZIR
[14:46] 3kam parti 401 toplandi: 2594350984 bayt
[14:51] 3kam parti 402 toplandi: 2654438081 bayt
[14:57] 3kam parti 403 toplandi: 2676045707 bayt
[14:57] 3 KAMERA TOPLAMA TAMAM
[15:33] 3kam cevrildi
[15:33] 3kam kapisi gecti
[16:48] 3kam egitimi bitti (batch=32 adim=4000)
[16:50] 3KAM OLCULDU
[17:20] 3KAM KAPALI DONGU HAZIR
[14:56] YAN KAMERA CANLI DOKUM HAZIR
[15:30] ISINMA DUZELTMESI OLCULDU
[15:43] ADIM0 DOGRULAMA HAZIR
[16:08] 3KAM YENI ISINMA OLCULDU
[16:20] REST YENI ISINMA OLCULDU
[18:02] 3kam uzatma egitimi bitti (3 kamerada kumulatif 8000)
[18:05] 3kam uzatma cevrimdisi olculdu
[18:19] 3KAM UZATMA KAPALI DONGU HAZIR
[19:14] DAGGER DOGRULAMA KOSUSU BITTI
[19:30] DAgger parti 601 toplandi: 2788731259 bayt
[19:37] DAgger parti 602 toplandi: 2721821118 bayt
[19:37] DAGGER TOPLAMA TAMAM
[20:34] dagger cevrildi
[20:34] dagger kapisi gecti
[21:49] dagger egitimi bitti
[21:51] dagger cevrimdisi olculdu
[22:01] DAGGER KAPALI DONGU HAZIR
[22:45] NS1 AB OLCULDU
[10:21] sabit-kamera parti 701 toplandi: 2672295899 bayt
[10:27] sabit-kamera parti 702 toplandi: 2709834446 bayt
[10:27] SABIT KAMERA TOPLAMA TAMAM
[10:28] SABIT KAMERA SONDASI OLCULDU
[10:59] fixcam cevrildi
[10:59] fixcam kapisi gecti -- EGITIME HAZIR
[11:57] fixcam egitimi bitti
[11:59] fixcam cevrimdisi olculdu
[12:05] FIXCAM KAPALI DONGU HAZIR
[12:29] fixdag parti 801 toplandi: 2725279025 bayt
[12:35] fixdag parti 802 toplandi: 2808135389 bayt
[12:35] FIXDAG TOPLAMA TAMAM
[13:33] fixdag cevrildi
[13:33] fixdag kapisi gecti
[14:28] fixdag egitimi bitti
[14:30] fixdag cevrimdisi olculdu
[14:35] FIXDAG KAPALI DONGU HAZIR
[15:06] DOGRU OLCUM: d_fixdag -> [TEST] SONUC: 1/20 basarili (5%)
[15:12] DOGRU OLCUM: d_fixcam -> [TEST] SONUC: 2/20 basarili (10%)
[15:18] DOGRU OLCUM: d_geo3 -> [TEST] SONUC: 0/20 basarili (0%)
[15:18] DOGRU OLCUM TAMAMLANDI
[16:01] BUYUK EVAL: b60_fixcam -> [TEST] SONUC: 1/60 basarili (2%)
[16:15] BUYUK EVAL: b60_fixdag -> [TEST] SONUC: 3/60 basarili (5%)
[16:15] BUYUK EVAL TAMAMLANDI
[16:28] UZUNLUK TESTI: uzunluk -> [TEST] SONUC: 0/12 basarili (0%)
[16:28] UZUNLUK TESTI TAMAMLANDI
[16:43] PARALEL TEST: [TEST] SONUC: 1/16 basarili (6%)
[16:52] 200 EVAL: p200_fixcam -> [TEST] SONUC: 76/200 basarili (38%)
[17:00] 200 EVAL: p200_fixdag -> [TEST] SONUC: 2/200 basarili (1%)
[17:00] 200 EVAL TAMAMLANDI
[17:04] VIDEO HAZIR: [TEST] SONUC: 9/32 basarili (28%)
[17:25] YENIDEN: y_geo3 -> [TEST] SONUC: 24/200 basarili (12%)
[17:33] YENIDEN: y_rest -> [TEST] SONUC: 22/200 basarili (11%)
[17:43] YENIDEN: y_3kam -> [TEST] SONUC: 35/200 basarili (18%)
[17:51] YENIDEN: y_dart2 -> [TEST] SONUC: 62/200 basarili (31%)
[17:51] YENIDEN OLCUM TAMAMLANDI
[10:18] ILK DALGA TESTI: [TEST] SONUC: 9/24 basarili (38%)
[10:25] combo parti 901: 3899572432 bayt, basarili 91/104
[10:32] combo parti 902: 3918898652 bayt, basarili 92/104
[10:32] COMBO TOPLAMA TAMAM
[11:02] combo cevrildi
[11:02] combo kapisi gecti
[12:40] combo egitimi bitti
[12:51] COMBO SONUC: [TEST] SONUC: 111/200 basarili (56%)
