Warning: You are sending unauthenticated requests to the HF Hub. Please set a HF_TOKEN to enable higher rate limits and faster downloads.
WARNING:huggingface_hub.utils._http:Warning: You are sending unauthenticated requests to the HF Hub. Please set a HF_TOKEN to enable higher rate limits and faster downloads.
Reducing the number of VLM layers to 16 ...
Loading weights from local directory

checkpoint: /home/orhan/franka_runs/train_mixed/checkpoints/006000/pretrained_model

--- VERI SETI goruntusu (egitim dagitimi) (n=16) ---
  hareket plani : medyan   69.0 mm | ortalama  108.6 mm
    x: egim +0.708  kor +0.826
    y: egim +0.368  kor +0.641
  dogrudan okuma: medyan   72.9 mm | ortalama   96.0 mm
    x: egim +0.692  kor +0.857
    y: egim +0.482  kor +0.719

--- CANLI eval goruntusu (kapali dongu dagitimi) (n=16) ---
  hareket plani : medyan  197.4 mm | ortalama  217.6 mm
    x: egim +0.145  kor +0.075
    y: egim +0.673  kor +0.633
  dogrudan okuma: medyan   64.9 mm | ortalama   82.0 mm
    x: egim +0.443  kor +0.627
    y: egim +0.787  kor +0.861

  referans: sabit-orta 136mm | CNN 12mm | kavrama esigi 20mm

  Ikisi benzerse: sorun goruntude degil, egitime devam mantikli.
  Canli belirgin kotuyse: dagitim uyumsuzlugu ONCE kapatilmali.
