===== SABIT KAMERA (isik/masa hala randomize) =====
cihaz cuda | veri fixcam_s701.hdf5 | kamera front | cozunurluk 224px (ham)
  kup erken kimildadigi icin atlanan bolum: 19
  85 bolum x 12 kare | egitim 63 bolum / test 22 bolum  (BOLUM BAZLI ayrim)
  TABAN (hep ortalamayi tahmin et): medyan 124.9 mm
=== A) DONUK SigLIP ozellikleri + kucuk kafa ===
  DONUK SigLIP + kafa          medyan   51.6 mm | ort   59.1 mm | 47s
                                 x: egim +0.424 kor +0.718
                                 y: egim +0.842 kor +0.922
  sifirdan CNN                 medyan   45.7 mm | ort   48.8 mm | 12s
                                 x: egim +0.716 kor +0.807
                                 y: egim +1.063 kor +0.962
  taban 124.9 mm | DONUK SigLIP 51.6 mm | sifirdan CNN 45.7 mm
  -> Belirsiz; fark kucuk.
bolum 543 kare 48870
kameralar: ['observation.images.front', 'observation.images.wrist']
aksiyon std[:3] [0.0141 0.034  0.1109]  (REST'siz beklenen ~[0.012,0.030,0.105])
yardimci std    [0.0571 0.1422]
DOGRULAMA: GECTI
===== SABIT KAMERA MODELI =====
--- cevrimdisi, kendi dagilimindan TAZE veri (fixcam_s702) ---
n=45 bolum, kare 2, REST_SKIP=12 | NESNE-MERKEZLI
  medyan hata :   31.6 mm
  ortalama    :   43.0 mm   (min 4 / max 135)
  x: egim +0.659  kesme +0.155  kor +0.736  sapma -16mm
  y: egim +0.880  kesme -0.009  kor +0.966  sapma -6mm
  YARDIMCI GOREV -- modelin kup icin DOGRUDAN tahmini:
    medyan   31.4 mm | ortalama   43.0 mm
    x: egim +0.646  kor +0.741
    y: egim +0.879  kor +0.966
