===== NESNE-MERKEZLI AKSIYON (x,y kupe gore) =====
--- 3000 adim ---
checkpoint: /home/orhan/franka_runs/train_objc/checkpoints/003000/pretrained_model
n=45 bolum, kare 2 | NESNE-MERKEZLI
  medyan hata :   17.6 mm
  ortalama    :   98.4 mm   (min 4 / max 805)
  x: egim +0.086  kesme +0.378  kor +0.022  sapma -84mm
  y: egim +0.808  kesme -0.011  kor +0.892  sapma -10mm
  YARDIMCI GOREV -- modelin kup icin DOGRUDAN tahmini:
    medyan   16.0 mm | ortalama   18.6 mm
    x: egim +0.937  kor +0.978
    y: egim +0.998  kor +0.991
--- 6000 adim ---
checkpoint: /home/orhan/franka_runs/train_objc/checkpoints/006000/pretrained_model
n=45 bolum, kare 2 | NESNE-MERKEZLI
  medyan hata :   17.2 mm
  ortalama    :   95.8 mm   (min 3 / max 775)
  x: egim +0.082  kesme +0.384  kor +0.022  sapma -80mm
  y: egim +0.818  kesme -0.013  kor +0.908  sapma -12mm
  YARDIMCI GOREV -- modelin kup icin DOGRUDAN tahmini:
    medyan   13.7 mm | ortalama   17.5 mm
    x: egim +0.930  kor +0.981
    y: egim +0.992  kor +0.991
